I'm sorry, but errors were detected in your script. Please correct the
errors listed below, and try again.


File "game/HouseScreens/ToiletScreen.rpy", line 6: Line is indented, but the preceding add statement does not expect a block. Please check this line's indentation. You may have forgotten a colon (:).
    text "Weekend logic running" xpos 300 ypos 100 size 100
    ^

Ren'Py Version: Ren'Py 8.1.1.23060707
Tue May 27 23:38:39 2025
